landing-mobile {"overflow":0,"violations":[]}
landing-desktop {"overflow":0,"violations":[]}
create-mobile {"overflow":0,"violations":[]}
create-desktop {"overflow":0,"violations":[]}
join-mobile {"overflow":0,"violations":["color-contrast:1"]}
join-desktop {"overflow":0,"violations":["color-contrast:1"]}
calculator-mobile {"overflow":0,"violations":["color-contrast:20"]}
calculator-desktop {"overflow":0,"violations":["color-contrast:31"]}
signin-local-mobile {"overflow":0,"violations":["color-contrast:1"]}
signin-local-desktop {"overflow":0,"violations":["color-contrast:1"]}
feedback-mobile {"overflow":0,"violations":[]}
feedback-desktop {"overflow":0,"violations":[]}
self-host-mobile {"overflow":0,"violations":["color-contrast:4","scrollable-region-focusable:1"]}
self-host-desktop {"overflow":0,"violations":["color-contrast:4"]}
privacy-mobile {"overflow":0,"violations":[]}
privacy-desktop {"overflow":0,"violations":[]}
terms-mobile {"overflow":0,"violations":[]}
terms-desktop {"overflow":0,"violations":[]}
not-found-mobile {"overflow":0,"violations":[]}
not-found-desktop {"overflow":0,"violations":[]}
missing-game-mobile {"overflow":0,"violations":[]}
missing-game-desktop {"overflow":0,"violations":[]}
create-errors-320 {"overflow":0,"violations":[]}
game-host-initial-mobile {"overflow":0,"violations":["color-contrast:5"]}
invite-mobile {"overflow":0,"violations":["color-contrast:5"]}
game-host-three-mobile {"overflow":0,"violations":["color-contrast:13"]}
game-host-three-desktop {"overflow":0,"violations":["color-contrast:13"]}
rebuy-mobile {"overflow":0,"violations":["color-contrast:14"]}
end-confirm-mobile {"overflow":0,"violations":["color-contrast:13"]}
cashouts-empty-mobile {"overflow":0,"violations":[]}
cashouts-discrepancy-mobile {"overflow":0,"violations":[]}
settlement-review-mobile {"overflow":0,"violations":[]}
settlement-review-desktop {"overflow":0,"violations":[]}
lock-confirm-mobile {"overflow":0,"violations":[]}
settlement-final-mobile {"overflow":0,"violations":[]}
payment-partial-mobile {"overflow":0,"violations":[]}
payment-complete-mobile {"overflow":0,"violations":[]}
recap-dialog-mobile {"overflow":0,"violations":[]}
