
> mainpot@0.1.0 test:e2e:realtime
> node scripts/test-realtime.mts --workers=2

Starting disposable Supabase test stack…
Resetting disposable Supabase test database…
Reading disposable Supabase test configuration…
Running realtime browser tests…
[WebServer] (node:34554) Warning: The 'NO_COLOR' env is ignored due to the 'FORCE_COLOR' env being set.
[WebServer] (Use `node --trace-warnings ...` to show where the warning was created)
[WebServer] (node:34554) Warning: The 'NO_COLOR' env is ignored due to the 'FORCE_COLOR' env being set.
[WebServer] (Use `node --trace-warnings ...` to show where the warning was created)
[WebServer] (node:34558) Warning: The 'NO_COLOR' env is ignored due to the 'FORCE_COLOR' env being set.
[WebServer] (Use `node --trace-warnings ...` to show where the warning was created)
[WebServer] (node:34559) Warning: The 'NO_COLOR' env is ignored due to the 'FORCE_COLOR' env being set.
[WebServer] (Use `node --trace-warnings ...` to show where the warning was created)
[WebServer] (node:34598) Warning: The 'NO_COLOR' env is ignored due to the 'FORCE_COLOR' env being set.
[WebServer] (Use `node --trace-warnings ...` to show where the warning was created)
[WebServer] (node:34602) Warning: The 'NO_COLOR' env is ignored due to the 'FORCE_COLOR' env being set.
[WebServer] (Use `node --trace-warnings ...` to show where the warning was created)
[WebServer] (node:34597) Warning: The 'NO_COLOR' env is ignored due to the 'FORCE_COLOR' env being set.
[WebServer] (Use `node --trace-warnings ...` to show where the warning was created)
[WebServer] (node:34604) Warning: The 'NO_COLOR' env is ignored due to the 'FORCE_COLOR' env being set.
[WebServer] (Use `node --trace-warnings ...` to show where the warning was created)
[WebServer] (node:34603) Warning: The 'NO_COLOR' env is ignored due to the 'FORCE_COLOR' env being set.
[WebServer] (Use `node --trace-warnings ...` to show where the warning was created)
[WebServer] (node:34600) Warning: The 'NO_COLOR' env is ignored due to the 'FORCE_COLOR' env being set.
[WebServer] (Use `node --trace-warnings ...` to show where the warning was created)
[WebServer] (node:34605) Warning: The 'NO_COLOR' env is ignored due to the 'FORCE_COLOR' env being set.
[WebServer] (Use `node --trace-warnings ...` to show where the warning was created)
[WebServer] (node:34601) Warning: The 'NO_COLOR' env is ignored due to the 'FORCE_COLOR' env being set.
[WebServer] (Use `node --trace-warnings ...` to show where the warning was created)
[WebServer] (node:34599) Warning: The 'NO_COLOR' env is ignored due to the 'FORCE_COLOR' env being set.
[WebServer] (Use `node --trace-warnings ...` to show where the warning was created)
[WebServer] (node:34667) Warning: The 'NO_COLOR' env is ignored due to the 'FORCE_COLOR' env being set.
[WebServer] (Use `node --trace-warnings ...` to show where the warning was created)

Running 13 tests using 1 worker

(node:34668) Warning: The 'NO_COLOR' env is ignored due to the 'FORCE_COLOR' env being set.
(Use `node --trace-warnings ...` to show where the warning was created)
  ✓   1 [chromium] › tests/e2e/realtime.spec.ts:9:5 › reviews payments before locking and keeps completion in sync (4.3s)
  ✓   2 [chromium] › tests/e2e/realtime.spec.ts:38:5 › requires visitors to join before viewing an active game (708ms)
  ✓   3 [chromium] › tests/e2e/realtime.spec.ts:77:5 › syncs two guests' independent ledger entries and host approval (3.7s)
  ✓   4 [chromium] › tests/e2e/realtime.spec.ts:110:5 › locks an early cash-out against the host and carries it out of final settlement (6.0s)
  ✓   5 [chromium] › tests/e2e/realtime.spec.ts:164:5 › auto-approves host rebuys while keeping player entries pending (2.0s)
  ✓   6 [chromium] › tests/e2e/realtime.spec.ts:194:5 › requires confirmation and records only one opening buy-in (4.0s)
  ✓   7 [chromium] › tests/e2e/realtime.spec.ts:236:5 › records a player's rebuy in the shared ledger (1.8s)
  ✓   8 [chromium] › tests/e2e/realtime.spec.ts:271:5 › transfers host authority when the host leaves (2.3s)
  ✓   9 [chromium] › tests/e2e/realtime.spec.ts:306:5 › recovers a disconnected guest after the host starts settlement (1.7s)
  ✓  10 [chromium] › tests/e2e/realtime.spec.ts:342:5 › keeps host correction and approval decisions auditable (2.5s)
  ✓  11 [chromium] › tests/e2e/realtime.spec.ts:381:5 › holds a multi-user settlement until cash-outs reconcile (6.5s)
  ✓  12 [chromium] › tests/e2e/realtime.spec.ts:478:5 › runs a whole table with host-added players (3.7s)
  ✓  13 [chromium] › tests/e2e/realtime.spec.ts:483:5 › syncs host-added players to guests without exposing host controls (1.5s)

  13 passed (47.1s)
Stopping disposable Supabase test stack…
