
> mainpot@0.1.0 test:e2e
> playwright test --workers=3 --trace=retain-on-failure

[WebServer] (node:83495) Warning: The 'NO_COLOR' env is ignored due to the 'FORCE_COLOR' env being set.
[WebServer] (Use `node --trace-warnings ...` to show where the warning was created)
[WebServer] (node:83495) Warning: The 'NO_COLOR' env is ignored due to the 'FORCE_COLOR' env being set.
[WebServer] (Use `node --trace-warnings ...` to show where the warning was created)
[WebServer] (node:83512) Warning: The 'NO_COLOR' env is ignored due to the 'FORCE_COLOR' env being set.
[WebServer] (Use `node --trace-warnings ...` to show where the warning was created)
[WebServer] (node:83580) Warning: The 'NO_COLOR' env is ignored due to the 'FORCE_COLOR' env being set.
[WebServer] (Use `node --trace-warnings ...` to show where the warning was created)
[WebServer] (node:83576) Warning: The 'NO_COLOR' env is ignored due to the 'FORCE_COLOR' env being set.
[WebServer] (Use `node --trace-warnings ...` to show where the warning was created)
[WebServer] (node:83582) Warning: The 'NO_COLOR' env is ignored due to the 'FORCE_COLOR' env being set.
[WebServer] (Use `node --trace-warnings ...` to show where the warning was created)
[WebServer] (node:83578) Warning: The 'NO_COLOR' env is ignored due to the 'FORCE_COLOR' env being set.
[WebServer] (Use `node --trace-warnings ...` to show where the warning was created)
[WebServer] (node:83581) Warning: The 'NO_COLOR' env is ignored due to the 'FORCE_COLOR' env being set.
[WebServer] (Use `node --trace-warnings ...` to show where the warning was created)
[WebServer] (node:83577) Warning: The 'NO_COLOR' env is ignored due to the 'FORCE_COLOR' env being set.
[WebServer] (Use `node --trace-warnings ...` to show where the warning was created)
[WebServer] (node:83574) Warning: The 'NO_COLOR' env is ignored due to the 'FORCE_COLOR' env being set.
[WebServer] (Use `node --trace-warnings ...` to show where the warning was created)
[WebServer] (node:83575) Warning: The 'NO_COLOR' env is ignored due to the 'FORCE_COLOR' env being set.
[WebServer] (Use `node --trace-warnings ...` to show where the warning was created)
[WebServer] (node:83579) Warning: The 'NO_COLOR' env is ignored due to the 'FORCE_COLOR' env being set.
[WebServer] (Use `node --trace-warnings ...` to show where the warning was created)
[WebServer] (node:83622) Warning: The 'NO_COLOR' env is ignored due to the 'FORCE_COLOR' env being set.
[WebServer] (Use `node --trace-warnings ...` to show where the warning was created)

Running 90 tests using 3 workers

(node:83638) Warning: The 'NO_COLOR' env is ignored due to the 'FORCE_COLOR' env being set.
(Use `node --trace-warnings ...` to show where the warning was created)
(node:83640) Warning: The 'NO_COLOR' env is ignored due to the 'FORCE_COLOR' env being set.
(Use `node --trace-warnings ...` to show where the warning was created)
(node:83639) Warning: The 'NO_COLOR' env is ignored due to the 'FORCE_COLOR' env being set.
(Use `node --trace-warnings ...` to show where the warning was created)
  ✓   3 [chromium] › tests/e2e/entry-ux.spec.ts:72:7 › entry and calculator safeguards › does not create payment-ready results until every amount is explicit (2.8s)
  ✓   2 [chromium] › tests/e2e/entry-ux.spec.ts:35:7 › entry and calculator safeguards › requires a table preview before recording a pending opening buy-in (3.6s)
  ✓   1 [chromium] › tests/e2e/entry-ux.spec.ts:7:7 › entry and calculator safeguards › keeps local-only failures actionable without discarding a typed join request (3.8s)
  ✓   6 [chromium] › tests/e2e/smoke.spec.ts:32:7 › public local-mode experience › shows the landing page and validates an incomplete game form (1.5s)
  ✓   7 [chromium] › tests/e2e/smoke.spec.ts:46:7 › public local-mode experience › keeps invalid buy-in text visible and explains how to correct it (1.1s)
  ✓   4 [chromium] › tests/e2e/smoke.spec.ts:22:7 › public local-mode experience › reviews payments before locking and keeps completion in sync (3.6s)
  ✓   8 [chromium] › tests/e2e/smoke.spec.ts:81:7 › public local-mode experience › lets a host resume an active game from setup without clearing site data (1.4s)
  ✓   9 [chromium] › tests/e2e/smoke.spec.ts:106:7 › public local-mode experience › offers contextual iPhone install steps after creating a game (1.4s)
  ✓   5 [chromium] › tests/e2e/smoke.spec.ts:27:7 › public local-mode experience › runs a whole table with host-added players (4.2s)
  ✓  10 [chromium] › tests/e2e/smoke.spec.ts:138:7 › public local-mode experience › opens the native install prompt after creating a game (1.6s)
  ✓  12 [chromium] › tests/e2e/smoke.spec.ts:356:7 › public local-mode experience › auto-approves a host rebuy in local mode (1.8s)
  ✓  13 [chromium] › tests/e2e/smoke.spec.ts:380:7 › public local-mode experience › requires an explicit allocation when completed cash-outs do not reconcile (2.0s)
  ✓  14 [chromium] › tests/e2e/smoke.spec.ts:433:7 › public local-mode experience › keeps the complete game flow usable on a 320px-wide screen (1.8s)
  ✓  15 [chromium] › tests/e2e/smoke.spec.ts:520:7 › public local-mode experience › offers a direct mobile path to the standalone calculator (317ms)
  ✓  16 [chromium] › tests/e2e/smoke.spec.ts:534:7 › public local-mode experience › lets a visitor clear the calculator example and use the keyboard skip link (550ms)
  ✓  17 [chromium] › tests/e2e/smoke.spec.ts:560:5 › does not show a settlement for invalid calculator amounts (948ms)
  ✓  18 [chromium] › tests/e2e/smoke.spec.ts:564:5 › recovers the same game after a real PWA offline navigation (1.1s)
(node:83762) Warning: The 'NO_COLOR' env is ignored due to the 'FORCE_COLOR' env being set.
(Use `node --trace-warnings ...` to show where the warning was created)
(node:83763) Warning: The 'NO_COLOR' env is ignored due to the 'FORCE_COLOR' env being set.
(Use `node --trace-warnings ...` to show where the warning was created)
  ✓  11 [chromium] › tests/e2e/smoke.spec.ts:166:7 › public local-mode experience › runs a host from game creation through a balanced finalized settlement (7.0s)
  ✓  19 [mobile-chrome] › tests/e2e/entry-ux.spec.ts:7:7 › entry and calculator safeguards › keeps local-only failures actionable without discarding a typed join request (1.9s)
(node:83790) Warning: The 'NO_COLOR' env is ignored due to the 'FORCE_COLOR' env being set.
(Use `node --trace-warnings ...` to show where the warning was created)
  ✓  20 [mobile-chrome] › tests/e2e/entry-ux.spec.ts:35:7 › entry and calculator safeguards › requires a table preview before recording a pending opening buy-in (1.8s)
  ✓  23 [mobile-chrome] › tests/e2e/entry-ux.spec.ts:72:7 › entry and calculator safeguards › does not create payment-ready results until every amount is explicit (2.0s)
  ✓  24 [mobile-chrome] › tests/e2e/smoke.spec.ts:32:7 › public local-mode experience › shows the landing page and validates an incomplete game form (441ms)
  ✓  21 [mobile-chrome] › tests/e2e/smoke.spec.ts:22:7 › public local-mode experience › reviews payments before locking and keeps completion in sync (3.2s)
  ✓  22 [mobile-chrome] › tests/e2e/smoke.spec.ts:27:7 › public local-mode experience › runs a whole table with host-added players (3.4s)
  ✓  25 [mobile-chrome] › tests/e2e/smoke.spec.ts:46:7 › public local-mode experience › keeps invalid buy-in text visible and explains how to correct it (755ms)
  ✓  26 [mobile-chrome] › tests/e2e/smoke.spec.ts:81:7 › public local-mode experience › lets a host resume an active game from setup without clearing site data (1.1s)
  ✓  27 [mobile-chrome] › tests/e2e/smoke.spec.ts:106:7 › public local-mode experience › offers contextual iPhone install steps after creating a game (1.2s)
  ✓  28 [mobile-chrome] › tests/e2e/smoke.spec.ts:138:7 › public local-mode experience › opens the native install prompt after creating a game (991ms)
  ✓  30 [mobile-chrome] › tests/e2e/smoke.spec.ts:356:7 › public local-mode experience › auto-approves a host rebuy in local mode (1.1s)
  ✓  32 [mobile-chrome] › tests/e2e/smoke.spec.ts:433:7 › public local-mode experience › keeps the complete game flow usable on a 320px-wide screen (1.1s)
  ✓  33 [mobile-chrome] › tests/e2e/smoke.spec.ts:520:7 › public local-mode experience › offers a direct mobile path to the standalone calculator (277ms)
  ✓  31 [mobile-chrome] › tests/e2e/smoke.spec.ts:380:7 › public local-mode experience › requires an explicit allocation when completed cash-outs do not reconcile (2.7s)
  ✓  34 [mobile-chrome] › tests/e2e/smoke.spec.ts:534:7 › public local-mode experience › lets a visitor clear the calculator example and use the keyboard skip link (520ms)
  ✓  35 [mobile-chrome] › tests/e2e/smoke.spec.ts:560:5 › does not show a settlement for invalid calculator amounts (618ms)
  ✓  36 [mobile-chrome] › tests/e2e/smoke.spec.ts:564:5 › recovers the same game after a real PWA offline navigation (843ms)
(node:83850) Warning: The 'NO_COLOR' env is ignored due to the 'FORCE_COLOR' env being set.
(Use `node --trace-warnings ...` to show where the warning was created)
(node:83851) Warning: The 'NO_COLOR' env is ignored due to the 'FORCE_COLOR' env being set.
(Use `node --trace-warnings ...` to show where the warning was created)
  ✓  29 [mobile-chrome] › tests/e2e/smoke.spec.ts:166:7 › public local-mode experience › runs a host from game creation through a balanced finalized settlement (8.7s)
  ✓  37 [mobile-safari] › tests/e2e/entry-ux.spec.ts:7:7 › entry and calculator safeguards › keeps local-only failures actionable without discarding a typed join request (3.5s)
  ✓  38 [mobile-safari] › tests/e2e/entry-ux.spec.ts:35:7 › entry and calculator safeguards › requires a table preview before recording a pending opening buy-in (4.0s)
(node:83887) Warning: The 'NO_COLOR' env is ignored due to the 'FORCE_COLOR' env being set.
(Use `node --trace-warnings ...` to show where the warning was created)
  ✓  41 [mobile-safari] › tests/e2e/entry-ux.spec.ts:72:7 › entry and calculator safeguards › does not create payment-ready results until every amount is explicit (2.2s)
  ✓  39 [mobile-safari] › tests/e2e/smoke.spec.ts:22:7 › public local-mode experience › reviews payments before locking and keeps completion in sync (5.9s)
  ✓  42 [mobile-safari] › tests/e2e/smoke.spec.ts:32:7 › public local-mode experience › shows the landing page and validates an incomplete game form (1.3s)
  ✓  40 [mobile-safari] › tests/e2e/smoke.spec.ts:27:7 › public local-mode experience › runs a whole table with host-added players (5.1s)
  ✓  43 [mobile-safari] › tests/e2e/smoke.spec.ts:46:7 › public local-mode experience › keeps invalid buy-in text visible and explains how to correct it (1.2s)
  ✓  44 [mobile-safari] › tests/e2e/smoke.spec.ts:81:7 › public local-mode experience › lets a host resume an active game from setup without clearing site data (2.5s)
  ✓  46 [mobile-safari] › tests/e2e/smoke.spec.ts:138:7 › public local-mode experience › opens the native install prompt after creating a game (2.4s)
  ✓  45 [mobile-safari] › tests/e2e/smoke.spec.ts:106:7 › public local-mode experience › offers contextual iPhone install steps after creating a game (2.9s)
  ✓  48 [mobile-safari] › tests/e2e/smoke.spec.ts:356:7 › public local-mode experience › auto-approves a host rebuy in local mode (2.0s)
  ✓  49 [mobile-safari] › tests/e2e/smoke.spec.ts:380:7 › public local-mode experience › requires an explicit allocation when completed cash-outs do not reconcile (4.1s)
  ✓  51 [mobile-safari] › tests/e2e/smoke.spec.ts:520:7 › public local-mode experience › offers a direct mobile path to the standalone calculator (1.1s)
  ✓  50 [mobile-safari] › tests/e2e/smoke.spec.ts:433:7 › public local-mode experience › keeps the complete game flow usable on a 320px-wide screen (3.6s)
  ✓  52 [mobile-safari] › tests/e2e/smoke.spec.ts:534:7 › public local-mode experience › lets a visitor clear the calculator example and use the keyboard skip link (1.7s)
  -  54 [mobile-safari] › tests/e2e/smoke.spec.ts:564:5 › recovers the same game after a real PWA offline navigation
  ✓  53 [mobile-safari] › tests/e2e/smoke.spec.ts:560:5 › does not show a settlement for invalid calculator amounts (2.3s)
(node:84024) Warning: The 'NO_COLOR' env is ignored due to the 'FORCE_COLOR' env being set.
(Use `node --trace-warnings ...` to show where the warning was created)
(node:84027) Warning: The 'NO_COLOR' env is ignored due to the 'FORCE_COLOR' env being set.
(Use `node --trace-warnings ...` to show where the warning was created)
  ✓  47 [mobile-safari] › tests/e2e/smoke.spec.ts:166:7 › public local-mode experience › runs a host from game creation through a balanced finalized settlement (11.1s)
(node:84057) Warning: The 'NO_COLOR' env is ignored due to the 'FORCE_COLOR' env being set.
(Use `node --trace-warnings ...` to show where the warning was created)
  ✓  55 [desktop-safari] › tests/e2e/entry-ux.spec.ts:7:7 › entry and calculator safeguards › keeps local-only failures actionable without discarding a typed join request (4.5s)
  ✓  56 [desktop-safari] › tests/e2e/entry-ux.spec.ts:35:7 › entry and calculator safeguards › requires a table preview before recording a pending opening buy-in (4.4s)
  ✓  57 [desktop-safari] › tests/e2e/entry-ux.spec.ts:72:7 › entry and calculator safeguards › does not create payment-ready results until every amount is explicit (4.5s)
  ✓  60 [desktop-safari] › tests/e2e/smoke.spec.ts:32:7 › public local-mode experience › shows the landing page and validates an incomplete game form (3.5s)
  ✓  58 [desktop-safari] › tests/e2e/smoke.spec.ts:22:7 › public local-mode experience › reviews payments before locking and keeps completion in sync (11.5s)
  ✓  61 [desktop-safari] › tests/e2e/smoke.spec.ts:46:7 › public local-mode experience › keeps invalid buy-in text visible and explains how to correct it (4.8s)
  ✓  59 [desktop-safari] › tests/e2e/smoke.spec.ts:27:7 › public local-mode experience › runs a whole table with host-added players (13.1s)
  ✓  62 [desktop-safari] › tests/e2e/smoke.spec.ts:81:7 › public local-mode experience › lets a host resume an active game from setup without clearing site data (3.4s)
  ✓  64 [desktop-safari] › tests/e2e/smoke.spec.ts:138:7 › public local-mode experience › opens the native install prompt after creating a game (1.7s)
  ✓  63 [desktop-safari] › tests/e2e/smoke.spec.ts:106:7 › public local-mode experience › offers contextual iPhone install steps after creating a game (2.6s)
  ✓  66 [desktop-safari] › tests/e2e/smoke.spec.ts:356:7 › public local-mode experience › auto-approves a host rebuy in local mode (1.5s)
  ✓  67 [desktop-safari] › tests/e2e/smoke.spec.ts:380:7 › public local-mode experience › requires an explicit allocation when completed cash-outs do not reconcile (3.2s)
  ✓  69 [desktop-safari] › tests/e2e/smoke.spec.ts:520:7 › public local-mode experience › offers a direct mobile path to the standalone calculator (1.0s)
  ✓  68 [desktop-safari] › tests/e2e/smoke.spec.ts:433:7 › public local-mode experience › keeps the complete game flow usable on a 320px-wide screen (3.2s)
  ✓  70 [desktop-safari] › tests/e2e/smoke.spec.ts:534:7 › public local-mode experience › lets a visitor clear the calculator example and use the keyboard skip link (2.8s)
  -  72 [desktop-safari] › tests/e2e/smoke.spec.ts:564:5 › recovers the same game after a real PWA offline navigation
  ✓  71 [desktop-safari] › tests/e2e/smoke.spec.ts:560:5 › does not show a settlement for invalid calculator amounts (3.4s)
(node:84228) Warning: The 'NO_COLOR' env is ignored due to the 'FORCE_COLOR' env being set.
(Use `node --trace-warnings ...` to show where the warning was created)
(node:84225) Warning: The 'NO_COLOR' env is ignored due to the 'FORCE_COLOR' env being set.
(Use `node --trace-warnings ...` to show where the warning was created)
  ✓  65 [desktop-safari] › tests/e2e/smoke.spec.ts:166:7 › public local-mode experience › runs a host from game creation through a balanced finalized settlement (12.9s)
  ✓  73 [tablet-safari] › tests/e2e/entry-ux.spec.ts:35:7 › entry and calculator safeguards › requires a table preview before recording a pending opening buy-in (5.4s)
(node:84294) Warning: The 'NO_COLOR' env is ignored due to the 'FORCE_COLOR' env being set.
(Use `node --trace-warnings ...` to show where the warning was created)
  ✓  74 [tablet-safari] › tests/e2e/entry-ux.spec.ts:7:7 › entry and calculator safeguards › keeps local-only failures actionable without discarding a typed join request (4.4s)
  ✓  76 [tablet-safari] › tests/e2e/entry-ux.spec.ts:72:7 › entry and calculator safeguards › does not create payment-ready results until every amount is explicit (3.2s)
  ✓  75 [tablet-safari] › tests/e2e/smoke.spec.ts:22:7 › public local-mode experience › reviews payments before locking and keeps completion in sync (5.3s)
  ✓  78 [tablet-safari] › tests/e2e/smoke.spec.ts:32:7 › public local-mode experience › shows the landing page and validates an incomplete game form (1.7s)
  ✓  77 [tablet-safari] › tests/e2e/smoke.spec.ts:27:7 › public local-mode experience › runs a whole table with host-added players (6.9s)
  ✓  79 [tablet-safari] › tests/e2e/smoke.spec.ts:46:7 › public local-mode experience › keeps invalid buy-in text visible and explains how to correct it (2.7s)
  ✓  80 [tablet-safari] › tests/e2e/smoke.spec.ts:81:7 › public local-mode experience › lets a host resume an active game from setup without clearing site data (2.6s)
  ✓  81 [tablet-safari] › tests/e2e/smoke.spec.ts:106:7 › public local-mode experience › offers contextual iPhone install steps after creating a game (4.1s)
  ✓  82 [tablet-safari] › tests/e2e/smoke.spec.ts:138:7 › public local-mode experience › opens the native install prompt after creating a game (3.5s)
  ✓  84 [tablet-safari] › tests/e2e/smoke.spec.ts:356:7 › public local-mode experience › auto-approves a host rebuy in local mode (5.6s)
  ✓  85 [tablet-safari] › tests/e2e/smoke.spec.ts:380:7 › public local-mode experience › requires an explicit allocation when completed cash-outs do not reconcile (7.4s)
  ✓  87 [tablet-safari] › tests/e2e/smoke.spec.ts:520:7 › public local-mode experience › offers a direct mobile path to the standalone calculator (1.6s)
  ✓  86 [tablet-safari] › tests/e2e/smoke.spec.ts:433:7 › public local-mode experience › keeps the complete game flow usable on a 320px-wide screen (5.8s)
  ✓  88 [tablet-safari] › tests/e2e/smoke.spec.ts:534:7 › public local-mode experience › lets a visitor clear the calculator example and use the keyboard skip link (2.8s)
  -  90 [tablet-safari] › tests/e2e/smoke.spec.ts:564:5 › recovers the same game after a real PWA offline navigation
  ✓  89 [tablet-safari] › tests/e2e/smoke.spec.ts:560:5 › does not show a settlement for invalid calculator amounts (2.7s)
  ✓  83 [tablet-safari] › tests/e2e/smoke.spec.ts:166:7 › public local-mode experience › runs a host from game creation through a balanced finalized settlement (20.6s)

  3 skipped
  87 passed (2.2m)
