signin-shared-mobile {"overflow":0,"violations":[]}
signup-mobile {"overflow":0,"violations":[]}
dashboard-empty-mobile {"overflow":0,"violations":[]}
profile-error-mobile {"overflow":0,"violations":[]}
profile-mobile {"overflow":0,"violations":[]}
account-data-mobile {"overflow":0,"violations":[]}
friends-empty-mobile {"overflow":0,"violations":[]}
friends-no-results-mobile {"overflow":0,"violations":[]}
same-account-second-device-before {"overflow":0,"violations":[]}
guest-invite-mobile {"overflow":0,"violations":[]}
guest-before-buyin-mobile {"overflow":0,"violations":[]}
host-pending-approval-mobile {"overflow":0,"violations":[]}
guest-pending-approval-mobile {"overflow":0,"violations":[]}
guest-cashout-mobile {"overflow":0,"violations":[]}
guest-waiting-settlement-mobile {"overflow":0,"violations":[]}
guest-owes-mobile {"overflow":0,"violations":[]}
host-incoming-mobile {"overflow":0,"violations":[]}
payment-details-mobile {"overflow":0,"violations":[]}
guest-sent-mobile {"overflow":0,"violations":[]}
dashboard-history-mobile {"overflow":0,"violations":[]}
dashboard-history-desktop {"overflow":0,"violations":[]}
