
> mainpot@0.1.0 test:e2e:mobile
> PLAYWRIGHT_MOBILE=1 playwright test tests/e2e/smoke.spec.ts --workers=2


Running 28 tests using 2 workers

(node:55640) Warning: The 'NO_COLOR' env is ignored due to the 'FORCE_COLOR' env being set.
(Use `node --trace-warnings ...` to show where the warning was created)
(node:55639) Warning: The 'NO_COLOR' env is ignored due to the 'FORCE_COLOR' env being set.
(Use `node --trace-warnings ...` to show where the warning was created)
  ✓   2 [mobile-chrome] › tests/e2e/smoke.spec.ts:11:7 › public local-mode experience › reviews payments before locking and keeps completion in sync (1.3s)
  ✓   3 [mobile-chrome] › tests/e2e/smoke.spec.ts:21:7 › public local-mode experience › shows the landing page and validates an incomplete game form (265ms)
  ✓   1 [mobile-chrome] › tests/e2e/smoke.spec.ts:16:7 › public local-mode experience › runs a whole table with host-added players (1.5s)
  ✓   4 [mobile-chrome] › tests/e2e/smoke.spec.ts:35:7 › public local-mode experience › keeps invalid buy-in text visible and explains how to correct it (240ms)
  ✓   5 [mobile-chrome] › tests/e2e/smoke.spec.ts:58:7 › public local-mode experience › lets a host resume an active game from setup without clearing site data (239ms)
  ✓   7 [mobile-chrome] › tests/e2e/smoke.spec.ts:105:7 › public local-mode experience › opens the native install prompt after creating a game (235ms)
  ✓   6 [mobile-chrome] › tests/e2e/smoke.spec.ts:78:7 › public local-mode experience › offers contextual iPhone install steps after creating a game (305ms)
  ✓   9 [mobile-chrome] › tests/e2e/smoke.spec.ts:307:7 › public local-mode experience › auto-approves a host rebuy in local mode (270ms)
  ✓  10 [mobile-chrome] › tests/e2e/smoke.spec.ts:331:7 › public local-mode experience › requires an explicit allocation when completed cash-outs do not reconcile (1.1s)
  ✓  11 [mobile-chrome] › tests/e2e/smoke.spec.ts:384:7 › public local-mode experience › keeps the complete game flow usable on a 320px-wide screen (813ms)
  ✓  12 [mobile-chrome] › tests/e2e/smoke.spec.ts:471:7 › public local-mode experience › offers a direct mobile path to the standalone calculator (107ms)
  ✓  13 [mobile-chrome] › tests/e2e/smoke.spec.ts:482:7 › public local-mode experience › lets a visitor clear the calculator example and use the keyboard skip link (232ms)
  ✓  14 [mobile-chrome] › tests/e2e/smoke.spec.ts:508:5 › does not show a settlement for invalid calculator amounts (191ms)
(node:55881) Warning: The 'NO_COLOR' env is ignored due to the 'FORCE_COLOR' env being set.
(Use `node --trace-warnings ...` to show where the warning was created)
  ✓   8 [mobile-chrome] › tests/e2e/smoke.spec.ts:133:7 › public local-mode experience › runs a host from game creation through a balanced finalized settlement (3.5s)
(node:55888) Warning: The 'NO_COLOR' env is ignored due to the 'FORCE_COLOR' env being set.
(Use `node --trace-warnings ...` to show where the warning was created)
  ✓  16 [mobile-safari] › tests/e2e/smoke.spec.ts:16:7 › public local-mode experience › runs a whole table with host-added players (1.9s)
  ✓  15 [mobile-safari] › tests/e2e/smoke.spec.ts:11:7 › public local-mode experience › reviews payments before locking and keeps completion in sync (2.0s)
  ✓  17 [mobile-safari] › tests/e2e/smoke.spec.ts:21:7 › public local-mode experience › shows the landing page and validates an incomplete game form (335ms)
  ✓  18 [mobile-safari] › tests/e2e/smoke.spec.ts:35:7 › public local-mode experience › keeps invalid buy-in text visible and explains how to correct it (377ms)
  ✓  19 [mobile-safari] › tests/e2e/smoke.spec.ts:58:7 › public local-mode experience › lets a host resume an active game from setup without clearing site data (425ms)
  ✓  20 [mobile-safari] › tests/e2e/smoke.spec.ts:78:7 › public local-mode experience › offers contextual iPhone install steps after creating a game (429ms)
  ✓  21 [mobile-safari] › tests/e2e/smoke.spec.ts:105:7 › public local-mode experience › opens the native install prompt after creating a game (333ms)
  ✓  23 [mobile-safari] › tests/e2e/smoke.spec.ts:307:7 › public local-mode experience › auto-approves a host rebuy in local mode (359ms)
  ✓  24 [mobile-safari] › tests/e2e/smoke.spec.ts:331:7 › public local-mode experience › requires an explicit allocation when completed cash-outs do not reconcile (1.5s)
  ✓  25 [mobile-safari] › tests/e2e/smoke.spec.ts:384:7 › public local-mode experience › keeps the complete game flow usable on a 320px-wide screen (924ms)
  ✓  26 [mobile-safari] › tests/e2e/smoke.spec.ts:471:7 › public local-mode experience › offers a direct mobile path to the standalone calculator (211ms)
  ✓  27 [mobile-safari] › tests/e2e/smoke.spec.ts:482:7 › public local-mode experience › lets a visitor clear the calculator example and use the keyboard skip link (407ms)
  ✓  28 [mobile-safari] › tests/e2e/smoke.spec.ts:508:5 › does not show a settlement for invalid calculator amounts (352ms)
  ✓  22 [mobile-safari] › tests/e2e/smoke.spec.ts:133:7 › public local-mode experience › runs a host from game creation through a balanced finalized settlement (4.1s)

  28 passed (13.3s)
