
> mainpot@0.1.0 test:e2e:realtime
> node scripts/test-realtime.mts --grep duplicate lobby names --workers=1 --output=test-results/audit-fix-name-final

Starting disposable Supabase test stack…
Resetting disposable Supabase test database…
Reading disposable Supabase test configuration…
Running database assurance checks against the disposable migration stack…
Stopped services: [supabase_storage_mainpot-e2e supabase_imgproxy_mainpot-e2e supabase_edge_runtime_mainpot-e2e supabase_analytics_mainpot-e2e supabase_vector_mainpot-e2e supabase_pooler_mainpot-e2e]
A new version of Supabase CLI is available: v2.118.0 (currently installed v2.116.0)
We recommend updating regularly for new features and bug fixes: https://supabase.com/docs/guides/cli/getting-started#updating-the-supabase-cli
✓ lobby name reservations reject normalized duplicates across joins, direct writes, host-managed seats, departures, and concurrent paths without rewriting legacy rows
Checking locked payment plan security before browser flows…
Stopped services: [supabase_storage_mainpot-e2e supabase_imgproxy_mainpot-e2e supabase_edge_runtime_mainpot-e2e supabase_analytics_mainpot-e2e supabase_vector_mainpot-e2e supabase_pooler_mainpot-e2e]
A new version of Supabase CLI is available: v2.118.0 (currently installed v2.116.0)
We recommend updating regularly for new features and bug fixes: https://supabase.com/docs/guides/cli/getting-started#updating-the-supabase-cli
✓ final payment tracking accepts only exact locked min/bank/funded/discrepancy plans and preserves early-exit payments
Running realtime browser tests…
[WebServer] (node:29039) Warning: The 'NO_COLOR' env is ignored due to the 'FORCE_COLOR' env being set.
[WebServer] (Use `node --trace-warnings ...` to show where the warning was created)
[WebServer] (node:29039) Warning: The 'NO_COLOR' env is ignored due to the 'FORCE_COLOR' env being set.
[WebServer] (Use `node --trace-warnings ...` to show where the warning was created)
[WebServer] (node:29041) Warning: The 'NO_COLOR' env is ignored due to the 'FORCE_COLOR' env being set.
[WebServer] (Use `node --trace-warnings ...` to show where the warning was created)
[WebServer] (node:29059) Warning: The 'NO_COLOR' env is ignored due to the 'FORCE_COLOR' env being set.
[WebServer] (Use `node --trace-warnings ...` to show where the warning was created)
[WebServer] (node:29053) Warning: The 'NO_COLOR' env is ignored due to the 'FORCE_COLOR' env being set.
[WebServer] (Use `node --trace-warnings ...` to show where the warning was created)
[WebServer] (node:29060) Warning: The 'NO_COLOR' env is ignored due to the 'FORCE_COLOR' env being set.
[WebServer] (Use `node --trace-warnings ...` to show where the warning was created)
[WebServer] (node:29057) Warning: The 'NO_COLOR' env is ignored due to the 'FORCE_COLOR' env being set.
[WebServer] (Use `node --trace-warnings ...` to show where the warning was created)
[WebServer] (node:29055) Warning: The 'NO_COLOR' env is ignored due to the 'FORCE_COLOR' env being set.
[WebServer] (Use `node --trace-warnings ...` to show where the warning was created)
[WebServer] (node:29054) Warning: The 'NO_COLOR' env is ignored due to the 'FORCE_COLOR' env being set.
[WebServer] (Use `node --trace-warnings ...` to show where the warning was created)
[WebServer] (node:29058) Warning: The 'NO_COLOR' env is ignored due to the 'FORCE_COLOR' env being set.
[WebServer] (Use `node --trace-warnings ...` to show where the warning was created)
[WebServer] (node:29061) Warning: The 'NO_COLOR' env is ignored due to the 'FORCE_COLOR' env being set.
[WebServer] (Use `node --trace-warnings ...` to show where the warning was created)
[WebServer] (node:29056) Warning: The 'NO_COLOR' env is ignored due to the 'FORCE_COLOR' env being set.
[WebServer] (Use `node --trace-warnings ...` to show where the warning was created)
[WebServer] (node:29093) Warning: The 'NO_COLOR' env is ignored due to the 'FORCE_COLOR' env being set.
[WebServer] (Use `node --trace-warnings ...` to show where the warning was created)

Running 5 tests using 1 worker

(node:29094) Warning: The 'NO_COLOR' env is ignored due to the 'FORCE_COLOR' env being set.
(Use `node --trace-warnings ...` to show where the warning was created)
  ✓  1 [chromium] › tests/e2e/realtime.spec.ts:774:5 › rejects duplicate lobby names even when two devices join together (3.0s)
(node:29116) Warning: The 'NO_COLOR' env is ignored due to the 'FORCE_COLOR' env being set.
(Use `node --trace-warnings ...` to show where the warning was created)
  ✓  2 [mobile-chrome] › tests/e2e/realtime.spec.ts:774:5 › rejects duplicate lobby names even when two devices join together (3.5s)
(node:29132) Warning: The 'NO_COLOR' env is ignored due to the 'FORCE_COLOR' env being set.
(Use `node --trace-warnings ...` to show where the warning was created)
  ✓  3 [mobile-safari] › tests/e2e/realtime.spec.ts:774:5 › rejects duplicate lobby names even when two devices join together (3.4s)
(node:29161) Warning: The 'NO_COLOR' env is ignored due to the 'FORCE_COLOR' env being set.
(Use `node --trace-warnings ...` to show where the warning was created)
  ✓  4 [desktop-safari] › tests/e2e/realtime.spec.ts:774:5 › rejects duplicate lobby names even when two devices join together (3.2s)
(node:29181) Warning: The 'NO_COLOR' env is ignored due to the 'FORCE_COLOR' env being set.
(Use `node --trace-warnings ...` to show where the warning was created)
  ✓  5 [tablet-safari] › tests/e2e/realtime.spec.ts:774:5 › rejects duplicate lobby names even when two devices join together (3.2s)

  5 passed (23.3s)
Stopping disposable Supabase test stack…
