
> mainpot@0.1.0 test:e2e:realtime
> node scripts/test-realtime.mts --grep transfers host authority|requires visitors --workers=1 --output=test-results/audit-fix-handoff-verified

Starting disposable Supabase test stack…
Resetting disposable Supabase test database…
Reading disposable Supabase test configuration…
Checking locked payment plan security before browser flows…
Stopped services: [supabase_storage_mainpot-e2e supabase_imgproxy_mainpot-e2e supabase_edge_runtime_mainpot-e2e supabase_analytics_mainpot-e2e supabase_vector_mainpot-e2e supabase_pooler_mainpot-e2e]
A new version of Supabase CLI is available: v2.118.0 (currently installed v2.116.0)
We recommend updating regularly for new features and bug fixes: https://supabase.com/docs/guides/cli/getting-started#updating-the-supabase-cli
✓ final payment tracking accepts only exact locked min/bank/funded/discrepancy plans and preserves early-exit payments
Running realtime browser tests…
[WebServer] (node:21614) Warning: The 'NO_COLOR' env is ignored due to the 'FORCE_COLOR' env being set.
[WebServer] (Use `node --trace-warnings ...` to show where the warning was created)
[WebServer] (node:21614) Warning: The 'NO_COLOR' env is ignored due to the 'FORCE_COLOR' env being set.
[WebServer] (Use `node --trace-warnings ...` to show where the warning was created)
[WebServer] (node:21625) Warning: The 'NO_COLOR' env is ignored due to the 'FORCE_COLOR' env being set.
[WebServer] (Use `node --trace-warnings ...` to show where the warning was created)
[WebServer] (node:21634) Warning: The 'NO_COLOR' env is ignored due to the 'FORCE_COLOR' env being set.
[WebServer] (Use `node --trace-warnings ...` to show where the warning was created)
[WebServer] (node:21639) Warning: The 'NO_COLOR' env is ignored due to the 'FORCE_COLOR' env being set.
[WebServer] (Use `node --trace-warnings ...` to show where the warning was created)
[WebServer] (node:21640) Warning: The 'NO_COLOR' env is ignored due to the 'FORCE_COLOR' env being set.
[WebServer] (Use `node --trace-warnings ...` to show where the warning was created)
[WebServer] (node:21635) Warning: The 'NO_COLOR' env is ignored due to the 'FORCE_COLOR' env being set.
[WebServer] (Use `node --trace-warnings ...` to show where the warning was created)
[WebServer] (node:21636) Warning: The 'NO_COLOR' env is ignored due to the 'FORCE_COLOR' env being set.
[WebServer] (Use `node --trace-warnings ...` to show where the warning was created)
[WebServer] (node:21633) Warning: The 'NO_COLOR' env is ignored due to the 'FORCE_COLOR' env being set.
[WebServer] (Use `node --trace-warnings ...` to show where the warning was created)
[WebServer] (node:21641) Warning: The 'NO_COLOR' env is ignored due to the 'FORCE_COLOR' env being set.
[WebServer] (Use `node --trace-warnings ...` to show where the warning was created)
[WebServer] (node:21638) Warning: The 'NO_COLOR' env is ignored due to the 'FORCE_COLOR' env being set.
[WebServer] (Use `node --trace-warnings ...` to show where the warning was created)
[WebServer] (node:21637) Warning: The 'NO_COLOR' env is ignored due to the 'FORCE_COLOR' env being set.
[WebServer] (Use `node --trace-warnings ...` to show where the warning was created)
[WebServer] (node:21681) Warning: The 'NO_COLOR' env is ignored due to the 'FORCE_COLOR' env being set.
[WebServer] (Use `node --trace-warnings ...` to show where the warning was created)

Running 10 tests using 1 worker

(node:21682) Warning: The 'NO_COLOR' env is ignored due to the 'FORCE_COLOR' env being set.
(Use `node --trace-warnings ...` to show where the warning was created)
  ✓   1 [chromium] › tests/e2e/realtime.spec.ts:49:5 › requires visitors to join before viewing an active game (1.1s)
  ✓   2 [chromium] › tests/e2e/realtime.spec.ts:298:5 › transfers host authority when the host leaves (1.6s)
(node:21700) Warning: The 'NO_COLOR' env is ignored due to the 'FORCE_COLOR' env being set.
(Use `node --trace-warnings ...` to show where the warning was created)
  ✓   3 [mobile-chrome] › tests/e2e/realtime.spec.ts:49:5 › requires visitors to join before viewing an active game (883ms)
  ✓   4 [mobile-chrome] › tests/e2e/realtime.spec.ts:298:5 › transfers host authority when the host leaves (1.9s)
(node:21723) Warning: The 'NO_COLOR' env is ignored due to the 'FORCE_COLOR' env being set.
(Use `node --trace-warnings ...` to show where the warning was created)
  ✓   5 [mobile-safari] › tests/e2e/realtime.spec.ts:49:5 › requires visitors to join before viewing an active game (1.3s)
  ✓   6 [mobile-safari] › tests/e2e/realtime.spec.ts:298:5 › transfers host authority when the host leaves (1.8s)
(node:21750) Warning: The 'NO_COLOR' env is ignored due to the 'FORCE_COLOR' env being set.
(Use `node --trace-warnings ...` to show where the warning was created)
  ✓   7 [desktop-safari] › tests/e2e/realtime.spec.ts:49:5 › requires visitors to join before viewing an active game (1.1s)
  ✓   8 [desktop-safari] › tests/e2e/realtime.spec.ts:298:5 › transfers host authority when the host leaves (1.8s)
(node:21772) Warning: The 'NO_COLOR' env is ignored due to the 'FORCE_COLOR' env being set.
(Use `node --trace-warnings ...` to show where the warning was created)
  ✓   9 [tablet-safari] › tests/e2e/realtime.spec.ts:49:5 › requires visitors to join before viewing an active game (1.1s)
  ✓  10 [tablet-safari] › tests/e2e/realtime.spec.ts:298:5 › transfers host authority when the host leaves (1.3s)

  10 passed (21.0s)
Stopping disposable Supabase test stack…
