
> mainpot@0.1.0 test:e2e
> playwright test --workers=1 --output=test-results/audit-fix-local-verified

[WebServer] (node:22356) Warning: The 'NO_COLOR' env is ignored due to the 'FORCE_COLOR' env being set.
[WebServer] (Use `node --trace-warnings ...` to show where the warning was created)
[WebServer] (node:22356) Warning: The 'NO_COLOR' env is ignored due to the 'FORCE_COLOR' env being set.
[WebServer] (Use `node --trace-warnings ...` to show where the warning was created)
[WebServer] (node:22358) Warning: The 'NO_COLOR' env is ignored due to the 'FORCE_COLOR' env being set.
[WebServer] (Use `node --trace-warnings ...` to show where the warning was created)
[WebServer] (node:22372) Warning: The 'NO_COLOR' env is ignored due to the 'FORCE_COLOR' env being set.
[WebServer] (Use `node --trace-warnings ...` to show where the warning was created)
[WebServer] (node:22379) Warning: The 'NO_COLOR' env is ignored due to the 'FORCE_COLOR' env being set.
[WebServer] (Use `node --trace-warnings ...` to show where the warning was created)
[WebServer] (node:22377) Warning: The 'NO_COLOR' env is ignored due to the 'FORCE_COLOR' env being set.
[WebServer] (Use `node --trace-warnings ...` to show where the warning was created)
[WebServer] (node:22374) Warning: The 'NO_COLOR' env is ignored due to the 'FORCE_COLOR' env being set.
[WebServer] (Use `node --trace-warnings ...` to show where the warning was created)
[WebServer] (node:22373) Warning: The 'NO_COLOR' env is ignored due to the 'FORCE_COLOR' env being set.
[WebServer] (Use `node --trace-warnings ...` to show where the warning was created)
[WebServer] (node:22375) Warning: The 'NO_COLOR' env is ignored due to the 'FORCE_COLOR' env being set.
[WebServer] (Use `node --trace-warnings ...` to show where the warning was created)
[WebServer] (node:22371) Warning: The 'NO_COLOR' env is ignored due to the 'FORCE_COLOR' env being set.
[WebServer] (Use `node --trace-warnings ...` to show where the warning was created)
[WebServer] (node:22376) Warning: The 'NO_COLOR' env is ignored due to the 'FORCE_COLOR' env being set.
[WebServer] (Use `node --trace-warnings ...` to show where the warning was created)
[WebServer] (node:22378) Warning: The 'NO_COLOR' env is ignored due to the 'FORCE_COLOR' env being set.
[WebServer] (Use `node --trace-warnings ...` to show where the warning was created)
[WebServer] (node:22436) Warning: The 'NO_COLOR' env is ignored due to the 'FORCE_COLOR' env being set.
[WebServer] (Use `node --trace-warnings ...` to show where the warning was created)

Running 100 tests using 1 worker

(node:22437) Warning: The 'NO_COLOR' env is ignored due to the 'FORCE_COLOR' env being set.
(Use `node --trace-warnings ...` to show where the warning was created)
  ✓    1 [chromium] › tests/e2e/entry-ux.spec.ts:7:7 › entry and calculator safeguards › keeps local-only failures actionable without discarding a typed join request (444ms)
  ✓    2 [chromium] › tests/e2e/entry-ux.spec.ts:35:7 › entry and calculator safeguards › requires a table preview before recording a pending opening buy-in (434ms)
  ✓    3 [chromium] › tests/e2e/entry-ux.spec.ts:72:7 › entry and calculator safeguards › does not create payment-ready results until every amount is explicit (327ms)
  ✓    4 [chromium] › tests/e2e/smoke.spec.ts:24:7 › public local-mode experience › reviews payments before locking and keeps completion in sync (1.4s)
  ✓    5 [chromium] › tests/e2e/smoke.spec.ts:29:7 › public local-mode experience › runs a whole table with host-added players (1.5s)
  ✓    6 [chromium] › tests/e2e/smoke.spec.ts:34:7 › public local-mode experience › shows the landing page and validates an incomplete game form (287ms)
  ✓    7 [chromium] › tests/e2e/smoke.spec.ts:48:7 › public local-mode experience › keeps invalid buy-in text visible and explains how to correct it (207ms)
  ✓    8 [chromium] › tests/e2e/smoke.spec.ts:83:7 › public local-mode experience › lets a host resume an active game from setup without clearing site data (240ms)
  ✓    9 [chromium] › tests/e2e/smoke.spec.ts:108:7 › public local-mode experience › offers contextual iPhone install steps after creating a game (286ms)
  ✓   10 [chromium] › tests/e2e/smoke.spec.ts:140:7 › public local-mode experience › opens the native install prompt after creating a game (213ms)
  ✓   11 [chromium] › tests/e2e/smoke.spec.ts:168:7 › public local-mode experience › runs a host from game creation through a balanced finalized settlement (3.8s)
  ✓   12 [chromium] › tests/e2e/smoke.spec.ts:358:7 › public local-mode experience › auto-approves a host rebuy in local mode (243ms)
  ✓   13 [chromium] › tests/e2e/smoke.spec.ts:382:7 › public local-mode experience › requires an explicit allocation when completed cash-outs do not reconcile (1.0s)
  ✓   14 [chromium] › tests/e2e/smoke.spec.ts:435:7 › public local-mode experience › keeps the complete game flow usable on a 320px-wide screen (761ms)
  ✓   15 [chromium] › tests/e2e/smoke.spec.ts:516:7 › public local-mode experience › offers a direct mobile path to the standalone calculator (157ms)
  ✓   16 [chromium] › tests/e2e/smoke.spec.ts:530:7 › public local-mode experience › lets a visitor clear the calculator example and use the keyboard skip link (215ms)
  ✓   17 [chromium] › tests/e2e/smoke.spec.ts:556:5 › does not show a settlement for invalid calculator amounts (193ms)
  ✓   18 [chromium] › tests/e2e/smoke.spec.ts:560:5 › recovers the same game after a real PWA offline navigation (306ms)
  ✓   19 [chromium] › tests/e2e/smoke.spec.ts:566:5 › recovers direct join on short screens without adding seats (853ms)
  ✓   20 [chromium] › tests/e2e/smoke.spec.ts:570:5 › rejects duplicate seats and failed local saves without changing the pot (448ms)
(node:22499) Warning: The 'NO_COLOR' env is ignored due to the 'FORCE_COLOR' env being set.
(Use `node --trace-warnings ...` to show where the warning was created)
  ✓   21 [mobile-chrome] › tests/e2e/entry-ux.spec.ts:7:7 › entry and calculator safeguards › keeps local-only failures actionable without discarding a typed join request (313ms)
  ✓   22 [mobile-chrome] › tests/e2e/entry-ux.spec.ts:35:7 › entry and calculator safeguards › requires a table preview before recording a pending opening buy-in (418ms)
  ✓   23 [mobile-chrome] › tests/e2e/entry-ux.spec.ts:72:7 › entry and calculator safeguards › does not create payment-ready results until every amount is explicit (863ms)
  ✓   24 [mobile-chrome] › tests/e2e/smoke.spec.ts:24:7 › public local-mode experience › reviews payments before locking and keeps completion in sync (1.8s)
  ✓   25 [mobile-chrome] › tests/e2e/smoke.spec.ts:29:7 › public local-mode experience › runs a whole table with host-added players (1.4s)
  ✓   26 [mobile-chrome] › tests/e2e/smoke.spec.ts:34:7 › public local-mode experience › shows the landing page and validates an incomplete game form (246ms)
  ✓   27 [mobile-chrome] › tests/e2e/smoke.spec.ts:48:7 › public local-mode experience › keeps invalid buy-in text visible and explains how to correct it (224ms)
  ✓   28 [mobile-chrome] › tests/e2e/smoke.spec.ts:83:7 › public local-mode experience › lets a host resume an active game from setup without clearing site data (237ms)
  ✓   29 [mobile-chrome] › tests/e2e/smoke.spec.ts:108:7 › public local-mode experience › offers contextual iPhone install steps after creating a game (291ms)
  ✓   30 [mobile-chrome] › tests/e2e/smoke.spec.ts:140:7 › public local-mode experience › opens the native install prompt after creating a game (195ms)
  ✓   31 [mobile-chrome] › tests/e2e/smoke.spec.ts:168:7 › public local-mode experience › runs a host from game creation through a balanced finalized settlement (4.3s)
  ✓   32 [mobile-chrome] › tests/e2e/smoke.spec.ts:358:7 › public local-mode experience › auto-approves a host rebuy in local mode (261ms)
  ✓   33 [mobile-chrome] › tests/e2e/smoke.spec.ts:382:7 › public local-mode experience › requires an explicit allocation when completed cash-outs do not reconcile (1.2s)
  ✓   34 [mobile-chrome] › tests/e2e/smoke.spec.ts:435:7 › public local-mode experience › keeps the complete game flow usable on a 320px-wide screen (775ms)
  ✓   35 [mobile-chrome] › tests/e2e/smoke.spec.ts:516:7 › public local-mode experience › offers a direct mobile path to the standalone calculator (155ms)
  ✓   36 [mobile-chrome] › tests/e2e/smoke.spec.ts:530:7 › public local-mode experience › lets a visitor clear the calculator example and use the keyboard skip link (216ms)
  ✓   37 [mobile-chrome] › tests/e2e/smoke.spec.ts:556:5 › does not show a settlement for invalid calculator amounts (195ms)
  ✓   38 [mobile-chrome] › tests/e2e/smoke.spec.ts:560:5 › recovers the same game after a real PWA offline navigation (363ms)
  ✓   39 [mobile-chrome] › tests/e2e/smoke.spec.ts:566:5 › recovers direct join on short screens without adding seats (929ms)
  ✓   40 [mobile-chrome] › tests/e2e/smoke.spec.ts:570:5 › rejects duplicate seats and failed local saves without changing the pot (499ms)
(node:22567) Warning: The 'NO_COLOR' env is ignored due to the 'FORCE_COLOR' env being set.
(Use `node --trace-warnings ...` to show where the warning was created)
  ✓   41 [mobile-safari] › tests/e2e/entry-ux.spec.ts:7:7 › entry and calculator safeguards › keeps local-only failures actionable without discarding a typed join request (1.2s)
  ✓   42 [mobile-safari] › tests/e2e/entry-ux.spec.ts:35:7 › entry and calculator safeguards › requires a table preview before recording a pending opening buy-in (587ms)
  ✓   43 [mobile-safari] › tests/e2e/entry-ux.spec.ts:72:7 › entry and calculator safeguards › does not create payment-ready results until every amount is explicit (606ms)
  ✓   44 [mobile-safari] › tests/e2e/smoke.spec.ts:24:7 › public local-mode experience › reviews payments before locking and keeps completion in sync (1.6s)
  ✓   45 [mobile-safari] › tests/e2e/smoke.spec.ts:29:7 › public local-mode experience › runs a whole table with host-added players (1.7s)
  ✓   46 [mobile-safari] › tests/e2e/smoke.spec.ts:34:7 › public local-mode experience › shows the landing page and validates an incomplete game form (327ms)
  ✓   47 [mobile-safari] › tests/e2e/smoke.spec.ts:48:7 › public local-mode experience › keeps invalid buy-in text visible and explains how to correct it (356ms)
  ✓   48 [mobile-safari] › tests/e2e/smoke.spec.ts:83:7 › public local-mode experience › lets a host resume an active game from setup without clearing site data (400ms)
  ✓   49 [mobile-safari] › tests/e2e/smoke.spec.ts:108:7 › public local-mode experience › offers contextual iPhone install steps after creating a game (439ms)
  ✓   50 [mobile-safari] › tests/e2e/smoke.spec.ts:140:7 › public local-mode experience › opens the native install prompt after creating a game (343ms)
  ✓   51 [mobile-safari] › tests/e2e/smoke.spec.ts:168:7 › public local-mode experience › runs a host from game creation through a balanced finalized settlement (4.4s)
  ✓   52 [mobile-safari] › tests/e2e/smoke.spec.ts:358:7 › public local-mode experience › auto-approves a host rebuy in local mode (358ms)
  ✓   53 [mobile-safari] › tests/e2e/smoke.spec.ts:382:7 › public local-mode experience › requires an explicit allocation when completed cash-outs do not reconcile (1.8s)
  ✓   54 [mobile-safari] › tests/e2e/smoke.spec.ts:435:7 › public local-mode experience › keeps the complete game flow usable on a 320px-wide screen (844ms)
  ✓   55 [mobile-safari] › tests/e2e/smoke.spec.ts:516:7 › public local-mode experience › offers a direct mobile path to the standalone calculator (256ms)
  ✓   56 [mobile-safari] › tests/e2e/smoke.spec.ts:530:7 › public local-mode experience › lets a visitor clear the calculator example and use the keyboard skip link (317ms)
  ✓   57 [mobile-safari] › tests/e2e/smoke.spec.ts:556:5 › does not show a settlement for invalid calculator amounts (288ms)
  -   58 [mobile-safari] › tests/e2e/smoke.spec.ts:560:5 › recovers the same game after a real PWA offline navigation
  ✓   59 [mobile-safari] › tests/e2e/smoke.spec.ts:566:5 › recovers direct join on short screens without adding seats (1.1s)
  ✓   60 [mobile-safari] › tests/e2e/smoke.spec.ts:570:5 › rejects duplicate seats and failed local saves without changing the pot (544ms)
(node:22765) Warning: The 'NO_COLOR' env is ignored due to the 'FORCE_COLOR' env being set.
(Use `node --trace-warnings ...` to show where the warning was created)
  ✓   61 [desktop-safari] › tests/e2e/entry-ux.spec.ts:7:7 › entry and calculator safeguards › keeps local-only failures actionable without discarding a typed join request (644ms)
  ✓   62 [desktop-safari] › tests/e2e/entry-ux.spec.ts:35:7 › entry and calculator safeguards › requires a table preview before recording a pending opening buy-in (515ms)
  ✓   63 [desktop-safari] › tests/e2e/entry-ux.spec.ts:72:7 › entry and calculator safeguards › does not create payment-ready results until every amount is explicit (579ms)
  ✓   64 [desktop-safari] › tests/e2e/smoke.spec.ts:24:7 › public local-mode experience › reviews payments before locking and keeps completion in sync (1.6s)
  ✓   65 [desktop-safari] › tests/e2e/smoke.spec.ts:29:7 › public local-mode experience › runs a whole table with host-added players (1.5s)
  ✓   66 [desktop-safari] › tests/e2e/smoke.spec.ts:34:7 › public local-mode experience › shows the landing page and validates an incomplete game form (289ms)
  ✓   67 [desktop-safari] › tests/e2e/smoke.spec.ts:48:7 › public local-mode experience › keeps invalid buy-in text visible and explains how to correct it (341ms)
  ✓   68 [desktop-safari] › tests/e2e/smoke.spec.ts:83:7 › public local-mode experience › lets a host resume an active game from setup without clearing site data (379ms)
  ✓   69 [desktop-safari] › tests/e2e/smoke.spec.ts:108:7 › public local-mode experience › offers contextual iPhone install steps after creating a game (391ms)
  ✓   70 [desktop-safari] › tests/e2e/smoke.spec.ts:140:7 › public local-mode experience › opens the native install prompt after creating a game (318ms)
  ✓   71 [desktop-safari] › tests/e2e/smoke.spec.ts:168:7 › public local-mode experience › runs a host from game creation through a balanced finalized settlement (4.4s)
  ✓   72 [desktop-safari] › tests/e2e/smoke.spec.ts:358:7 › public local-mode experience › auto-approves a host rebuy in local mode (373ms)
  ✓   73 [desktop-safari] › tests/e2e/smoke.spec.ts:382:7 › public local-mode experience › requires an explicit allocation when completed cash-outs do not reconcile (1.3s)
  ✓   74 [desktop-safari] › tests/e2e/smoke.spec.ts:435:7 › public local-mode experience › keeps the complete game flow usable on a 320px-wide screen (873ms)
  ✓   75 [desktop-safari] › tests/e2e/smoke.spec.ts:516:7 › public local-mode experience › offers a direct mobile path to the standalone calculator (259ms)
  ✓   76 [desktop-safari] › tests/e2e/smoke.spec.ts:530:7 › public local-mode experience › lets a visitor clear the calculator example and use the keyboard skip link (316ms)
  ✓   77 [desktop-safari] › tests/e2e/smoke.spec.ts:556:5 › does not show a settlement for invalid calculator amounts (292ms)
  -   78 [desktop-safari] › tests/e2e/smoke.spec.ts:560:5 › recovers the same game after a real PWA offline navigation
  ✓   79 [desktop-safari] › tests/e2e/smoke.spec.ts:566:5 › recovers direct join on short screens without adding seats (1.1s)
  ✓   80 [desktop-safari] › tests/e2e/smoke.spec.ts:570:5 › rejects duplicate seats and failed local saves without changing the pot (513ms)
(node:22881) Warning: The 'NO_COLOR' env is ignored due to the 'FORCE_COLOR' env being set.
(Use `node --trace-warnings ...` to show where the warning was created)
  ✓   81 [tablet-safari] › tests/e2e/entry-ux.spec.ts:7:7 › entry and calculator safeguards › keeps local-only failures actionable without discarding a typed join request (627ms)
  ✓   82 [tablet-safari] › tests/e2e/entry-ux.spec.ts:35:7 › entry and calculator safeguards › requires a table preview before recording a pending opening buy-in (516ms)
  ✓   83 [tablet-safari] › tests/e2e/entry-ux.spec.ts:72:7 › entry and calculator safeguards › does not create payment-ready results until every amount is explicit (478ms)
  ✓   84 [tablet-safari] › tests/e2e/smoke.spec.ts:24:7 › public local-mode experience › reviews payments before locking and keeps completion in sync (1.6s)
  ✓   85 [tablet-safari] › tests/e2e/smoke.spec.ts:29:7 › public local-mode experience › runs a whole table with host-added players (1.4s)
  ✓   86 [tablet-safari] › tests/e2e/smoke.spec.ts:34:7 › public local-mode experience › shows the landing page and validates an incomplete game form (285ms)
  ✓   87 [tablet-safari] › tests/e2e/smoke.spec.ts:48:7 › public local-mode experience › keeps invalid buy-in text visible and explains how to correct it (328ms)
  ✓   88 [tablet-safari] › tests/e2e/smoke.spec.ts:83:7 › public local-mode experience › lets a host resume an active game from setup without clearing site data (366ms)
  ✓   89 [tablet-safari] › tests/e2e/smoke.spec.ts:108:7 › public local-mode experience › offers contextual iPhone install steps after creating a game (401ms)
  ✓   90 [tablet-safari] › tests/e2e/smoke.spec.ts:140:7 › public local-mode experience › opens the native install prompt after creating a game (318ms)
  ✓   91 [tablet-safari] › tests/e2e/smoke.spec.ts:168:7 › public local-mode experience › runs a host from game creation through a balanced finalized settlement (4.1s)
  ✓   92 [tablet-safari] › tests/e2e/smoke.spec.ts:358:7 › public local-mode experience › auto-approves a host rebuy in local mode (376ms)
  ✓   93 [tablet-safari] › tests/e2e/smoke.spec.ts:382:7 › public local-mode experience › requires an explicit allocation when completed cash-outs do not reconcile (1.3s)
  ✓   94 [tablet-safari] › tests/e2e/smoke.spec.ts:435:7 › public local-mode experience › keeps the complete game flow usable on a 320px-wide screen (871ms)
  ✓   95 [tablet-safari] › tests/e2e/smoke.spec.ts:516:7 › public local-mode experience › offers a direct mobile path to the standalone calculator (257ms)
  ✓   96 [tablet-safari] › tests/e2e/smoke.spec.ts:530:7 › public local-mode experience › lets a visitor clear the calculator example and use the keyboard skip link (318ms)
  ✓   97 [tablet-safari] › tests/e2e/smoke.spec.ts:556:5 › does not show a settlement for invalid calculator amounts (306ms)
  -   98 [tablet-safari] › tests/e2e/smoke.spec.ts:560:5 › recovers the same game after a real PWA offline navigation
  ✓   99 [tablet-safari] › tests/e2e/smoke.spec.ts:566:5 › recovers direct join on short screens without adding seats (1.1s)
  ✓  100 [tablet-safari] › tests/e2e/smoke.spec.ts:570:5 › rejects duplicate seats and failed local saves without changing the pot (550ms)

  3 skipped
  97 passed (1.4m)
